Using device: cuda
2026-05-06 09:40:05 | hcmarl.utils | INFO | HIGH determinism: cudnn.deterministic=True, torch.use_deterministic_algorithms(True), matmul=highest, CUBLAS_WORKSPACE_CONFIG=:4096:8 (EXP3-Part-1-equivalent reproducibility)
Path G: loading pre-computed profiles from /root/hcmarl_project/config/pathg_profiles.json
Generating demonstrations from calibrated profiles (Eq 35 controller)...
  Generated 102 demonstrations from 34 workers
  HELDOUT_NLL model selection for K:
    K=1: heldout_nll=617.5885
    K=2: heldout_nll=601.5789
    K=3: heldout_nll=2524068.7500
    K=4: heldout_nll=241.7762
    K=5: heldout_nll=7382.7100
  Selected K=4 (lowest heldout_nll=241.7762)

--- MMICRL Type Discovery Results ---
  Demonstrations: 102
  Types discovered: 4
  Type proportions: ['0.39', '0.07', '0.49', '0.05']
  Mutual information I(tau;z): 0.0000
  Objective value: 0.0000
  Learned thresholds per type (raw):
    Type 0: {shoulder: 0.286}
    Type 1: {shoulder: 0.212}
    Type 2: {shoulder: 0.195}
    Type 3: {shoulder: 0.235}
  WARNING: MI (0.0000) < 0.01 -- latent types are behaviorally indistinguishable on this demo set. Effective per-worker theta will fall back to config floors (no MMICRL contribution). Consider multi-muscle demos or lambda1 tuning to restore discrimination.
  Results saved to logs/hcmarl_anchor/seed_7/mmicrl/mmicrl_results.json
2026-05-06 09:40:51 | hcmarl.utils | INFO | HIGH determinism: cudnn.deterministic=True, torch.use_deterministic_algorithms(True), matmul=highest, CUBLAS_WORKSPACE_CONFIG=:4096:8 (EXP3-Part-1-equivalent reproducibility)
Using MMICRL-learned thresholds for 6 workers (4 types, rescaled into [floor,1]; floors: {'shoulder': 0.7, 'ankle': 0.8, 'knee': 0.6, 'elbow': 0.45, 'trunk': 0.65, 'grip': 0.45})
  Effective per-worker theta_max: {'worker_0': {'shoulder': 0.7}, 'worker_1': {'shoulder': 0.7}, 'worker_2': {'shoulder': 0.7}, 'worker_3': {'shoulder': 0.7}, 'worker_4': {'shoulder': 0.7}, 'worker_5': {'shoulder': 0.7}}
============================================================
HC-MARL Training: HC-MARL (MAPPO + ECBF + NSWF)
Seed: 7 | Device: cuda | Workers: 6
Total steps: 2,000,000 | Eval every: 50,000
Checkpoint dir: checkpoints/hcmarl_anchor/seed_7
============================================================
[Ep    50 | Step    24,000/2,000,000 | 379 sps] R=-9347.9 C= 983 Safe=48.33% SAI=0.422 Jain=1.000 PeakMF=0.686
[Ep   100 | Step    48,000/2,000,000 | 378 sps] R=-5130.8 C= 350 Safe=75.21% SAI=0.425 Jain=1.000 PeakMF=0.689
[Ep   150 | Step    72,000/2,000,000 | 378 sps] R=-3878.8 C= 259 Safe=68.12% SAI=0.389 Jain=1.000 PeakMF=0.689
[Ep   200 | Step    96,000/2,000,000 | 378 sps] R=-3764.4 C= 242 Safe=63.96% SAI=0.388 Jain=1.000 PeakMF=0.688
[Ep   250 | Step   120,000/2,000,000 | 378 sps] R=-3887.3 C= 293 Safe=68.33% SAI=0.380 Jain=1.000 PeakMF=0.688
[Ep   300 | Step   144,000/2,000,000 | 378 sps] R=-2983.8 C= 160 Safe=72.50% SAI=0.372 Jain=1.000 PeakMF=0.682
[Ep   350 | Step   168,000/2,000,000 | 378 sps] R=-2414.9 C= 103 Safe=87.92% SAI=0.355 Jain=1.000 PeakMF=0.688
[Ep   400 | Step   192,000/2,000,000 | 378 sps] R=-2340.7 C= 123 Safe=80.21% SAI=0.353 Jain=1.000 PeakMF=0.685
[Ep   450 | Step   216,000/2,000,000 | 378 sps] R=-2241.2 C= 117 Safe=77.92% SAI=0.346 Jain=1.000 PeakMF=0.687
[Ep   500 | Step   240,000/2,000,000 | 378 sps] R=-1723.5 C=  25 Safe=95.42% SAI=0.342 Jain=1.000 PeakMF=0.679
[Ep   550 | Step   264,000/2,000,000 | 378 sps] R=-1671.3 C=  27 Safe=94.79% SAI=0.342 Jain=1.000 PeakMF=0.684
[Ep   600 | Step   288,000/2,000,000 | 378 sps] R=-1874.4 C=  69 Safe=86.88% SAI=0.345 Jain=1.000 PeakMF=0.688
[Ep   650 | Step   312,000/2,000,000 | 378 sps] R=-1635.3 C=  30 Safe=94.58% SAI=0.341 Jain=1.000 PeakMF=0.689
[Ep   700 | Step   336,000/2,000,000 | 378 sps] R=-1833.5 C=  81 Safe=89.79% SAI=0.340 Jain=1.000 PeakMF=0.689
[Ep   750 | Step   360,000/2,000,000 | 378 sps] R=-1593.7 C=  37 Safe=93.54% SAI=0.337 Jain=1.000 PeakMF=0.689
[Ep   800 | Step   384,000/2,000,000 | 378 sps] R=-1537.9 C=  27 Safe=95.62% SAI=0.338 Jain=1.000 PeakMF=0.685
[Ep   850 | Step   408,000/2,000,000 | 378 sps] R=-1521.5 C=  24 Safe=95.42% SAI=0.336 Jain=1.000 PeakMF=0.690
[Ep   900 | Step   432,000/2,000,000 | 378 sps] R=-1477.2 C=  17 Safe=97.50% SAI=0.337 Jain=1.000 PeakMF=0.688
[Ep   950 | Step   456,000/2,000,000 | 378 sps] R=-1417.7 C=   7 Safe=98.75% SAI=0.337 Jain=1.000 PeakMF=0.692
[Ep  1000 | Step   480,000/2,000,000 | 378 sps] R=-1484.4 C=  27 Safe=95.00% SAI=0.338 Jain=1.000 PeakMF=0.690
[Ep  1050 | Step   504,000/2,000,000 | 378 sps] R=-1388.6 C=   0 Safe=100.00% SAI=0.338 Jain=1.000 PeakMF=0.692
[Ep  1100 | Step   528,000/2,000,000 | 378 sps] R=-1432.7 C=  16 Safe=97.50% SAI=0.337 Jain=1.000 PeakMF=0.692
[Ep  1150 | Step   552,000/2,000,000 | 378 sps] R=-1589.7 C=  53 Safe=92.71% SAI=0.337 Jain=1.000 PeakMF=0.693
[Ep  1200 | Step   576,000/2,000,000 | 378 sps] R=-1499.0 C=  33 Safe=95.62% SAI=0.337 Jain=1.000 PeakMF=0.694
[Ep  1250 | Step   600,000/2,000,000 | 378 sps] R=-1450.2 C=  21 Safe=96.46% SAI=0.336 Jain=1.000 PeakMF=0.694
[Ep  1300 | Step   624,000/2,000,000 | 378 sps] R=-1527.3 C=  40 Safe=92.92% SAI=0.336 Jain=1.000 PeakMF=0.694
[Ep  1350 | Step   648,000/2,000,000 | 378 sps] R=-1450.9 C=  23 Safe=97.08% SAI=0.337 Jain=1.000 PeakMF=0.695
[Ep  1400 | Step   672,000/2,000,000 | 378 sps] R=-1354.8 C=   3 Safe=99.38% SAI=0.336 Jain=1.000 PeakMF=0.695
[Ep  1450 | Step   696,000/2,000,000 | 378 sps] R=-1419.3 C=  21 Safe=96.67% SAI=0.337 Jain=1.000 PeakMF=0.695
[Ep  1500 | Step   720,000/2,000,000 | 378 sps] R=-1396.7 C=  15 Safe=97.29% SAI=0.337 Jain=1.000 PeakMF=0.695
[Ep  1550 | Step   744,000/2,000,000 | 378 sps] R=-1589.0 C=  52 Safe=93.54% SAI=0.336 Jain=1.000 PeakMF=0.695
[Ep  1600 | Step   768,000/2,000,000 | 378 sps] R=-1371.0 C=  10 Safe=98.54% SAI=0.335 Jain=1.000 PeakMF=0.695
[Ep  1650 | Step   792,000/2,000,000 | 378 sps] R=-1431.9 C=  24 Safe=96.67% SAI=0.336 Jain=1.000 PeakMF=0.696
[Ep  1700 | Step   816,000/2,000,000 | 378 sps] R=-1451.7 C=  27 Safe=96.46% SAI=0.336 Jain=1.000 PeakMF=0.694
[Ep  1750 | Step   840,000/2,000,000 | 378 sps] R=-1390.8 C=  14 Safe=97.92% SAI=0.336 Jain=1.000 PeakMF=0.696
[Ep  1800 | Step   864,000/2,000,000 | 378 sps] R=-1356.1 C=   5 Safe=99.17% SAI=0.336 Jain=1.000 PeakMF=0.695
[Ep  1850 | Step   888,000/2,000,000 | 378 sps] R=-1448.1 C=  23 Safe=96.67% SAI=0.336 Jain=1.000 PeakMF=0.695
[Ep  1900 | Step   912,000/2,000,000 | 378 sps] R=-1400.8 C=  18 Safe=96.46% SAI=0.336 Jain=1.000 PeakMF=0.696
[Ep  1950 | Step   936,000/2,000,000 | 378 sps] R=-1563.6 C=  52 Safe=92.29% SAI=0.337 Jain=1.000 PeakMF=0.696
[Ep  2000 | Step   960,000/2,000,000 | 378 sps] R=-1382.8 C=   8 Safe=98.75% SAI=0.337 Jain=1.000 PeakMF=0.694
[Ep  2050 | Step   984,000/2,000,000 | 378 sps] R=-1445.5 C=  21 Safe=96.04% SAI=0.335 Jain=1.000 PeakMF=0.695
[Ep  2100 | Step 1,008,000/2,000,000 | 378 sps] R=-1366.7 C=  10 Safe=97.92% SAI=0.336 Jain=1.000 PeakMF=0.692
[Ep  2150 | Step 1,032,000/2,000,000 | 378 sps] R=-1464.4 C=  25 Safe=96.88% SAI=0.337 Jain=1.000 PeakMF=0.689
[Ep  2200 | Step 1,056,000/2,000,000 | 378 sps] R=-1335.9 C=   2 Safe=99.79% SAI=0.337 Jain=1.000 PeakMF=0.694
[Ep  2250 | Step 1,080,000/2,000,000 | 378 sps] R=-1716.0 C=  85 Safe=90.00% SAI=0.336 Jain=1.000 PeakMF=0.695
[Ep  2300 | Step 1,104,000/2,000,000 | 378 sps] R=-1506.2 C=  39 Safe=92.71% SAI=0.336 Jain=1.000 PeakMF=0.696
[Ep  2350 | Step 1,128,000/2,000,000 | 378 sps] R=-1395.1 C=  17 Safe=96.88% SAI=0.335 Jain=1.000 PeakMF=0.696
[Ep  2400 | Step 1,152,000/2,000,000 | 378 sps] R=-1343.7 C=   8 Safe=98.33% SAI=0.336 Jain=1.000 PeakMF=0.694
[Ep  2450 | Step 1,176,000/2,000,000 | 378 sps] R=-1417.6 C=  23 Safe=97.50% SAI=0.336 Jain=1.000 PeakMF=0.692
[Ep  2500 | Step 1,200,000/2,000,000 | 378 sps] R=-1494.2 C=  40 Safe=93.12% SAI=0.336 Jain=1.000 PeakMF=0.693
[Ep  2550 | Step 1,224,000/2,000,000 | 378 sps] R=-1528.7 C=  50 Safe=92.08% SAI=0.336 Jain=1.000 PeakMF=0.696
[Ep  2600 | Step 1,248,000/2,000,000 | 378 sps] R=-1383.6 C=  19 Safe=96.88% SAI=0.336 Jain=1.000 PeakMF=0.696
[Ep  2650 | Step 1,272,000/2,000,000 | 378 sps] R=-1339.9 C=  10 Safe=98.12% SAI=0.336 Jain=1.000 PeakMF=0.695
[Ep  2700 | Step 1,296,000/2,000,000 | 378 sps] R=-1308.7 C=   3 Safe=99.38% SAI=0.336 Jain=1.000 PeakMF=0.694
[Ep  2750 | Step 1,320,000/2,000,000 | 378 sps] R=-1346.5 C=  12 Safe=97.92% SAI=0.337 Jain=1.000 PeakMF=0.695
[Ep  2800 | Step 1,344,000/2,000,000 | 378 sps] R=-1312.3 C=   6 Safe=98.75% SAI=0.336 Jain=1.000 PeakMF=0.696
[Ep  2850 | Step 1,368,000/2,000,000 | 378 sps] R=-1313.6 C=   5 Safe=99.17% SAI=0.337 Jain=1.000 PeakMF=0.696
[Ep  2900 | Step 1,392,000/2,000,000 | 378 sps] R=-1385.4 C=  20 Safe=95.83% SAI=0.336 Jain=1.000 PeakMF=0.696
[Ep  2950 | Step 1,416,000/2,000,000 | 378 sps] R=-1304.8 C=   3 Safe=99.38% SAI=0.337 Jain=1.000 PeakMF=0.696
[Ep  3000 | Step 1,440,000/2,000,000 | 378 sps] R=-1358.6 C=  16 Safe=97.50% SAI=0.337 Jain=1.000 PeakMF=0.695
[Ep  3050 | Step 1,464,000/2,000,000 | 378 sps] R=-1567.6 C=  60 Safe=91.88% SAI=0.337 Jain=1.000 PeakMF=0.694
[Ep  3100 | Step 1,488,000/2,000,000 | 378 sps] R=-1333.8 C=  11 Safe=97.71% SAI=0.337 Jain=1.000 PeakMF=0.694
[Ep  3150 | Step 1,512,000/2,000,000 | 378 sps] R=-1432.3 C=  33 Safe=94.58% SAI=0.337 Jain=1.000 PeakMF=0.695
[Ep  3200 | Step 1,536,000/2,000,000 | 378 sps] R=-1544.0 C=  52 Safe=93.54% SAI=0.337 Jain=1.000 PeakMF=0.694
[Ep  3250 | Step 1,560,000/2,000,000 | 378 sps] R=-1326.2 C=   9 Safe=98.12% SAI=0.337 Jain=1.000 PeakMF=0.695
[Ep  3300 | Step 1,584,000/2,000,000 | 378 sps] R=-1371.7 C=  21 Safe=96.67% SAI=0.336 Jain=1.000 PeakMF=0.694
[Ep  3350 | Step 1,608,000/2,000,000 | 378 sps] R=-1306.4 C=   5 Safe=99.17% SAI=0.337 Jain=1.000 PeakMF=0.696
[Ep  3400 | Step 1,632,000/2,000,000 | 378 sps] R=-1366.8 C=  19 Safe=96.88% SAI=0.336 Jain=1.000 PeakMF=0.696
[Ep  3450 | Step 1,656,000/2,000,000 | 378 sps] R=-1362.8 C=  19 Safe=97.08% SAI=0.337 Jain=1.000 PeakMF=0.695
[Ep  3500 | Step 1,680,000/2,000,000 | 378 sps] R=-1369.8 C=  20 Safe=96.67% SAI=0.337 Jain=1.000 PeakMF=0.694
[Ep  3550 | Step 1,704,000/2,000,000 | 378 sps] R=-1479.6 C=  43 Safe=93.54% SAI=0.336 Jain=1.000 PeakMF=0.693
[Ep  3600 | Step 1,728,000/2,000,000 | 378 sps] R=-1338.3 C=   9 Safe=98.54% SAI=0.337 Jain=1.000 PeakMF=0.694
[Ep  3650 | Step 1,752,000/2,000,000 | 378 sps] R=-1309.2 C=   5 Safe=98.96% SAI=0.337 Jain=1.000 PeakMF=0.695
[Ep  3700 | Step 1,776,000/2,000,000 | 378 sps] R=-1361.3 C=  17 Safe=97.08% SAI=0.337 Jain=1.000 PeakMF=0.696
[Ep  3750 | Step 1,800,000/2,000,000 | 378 sps] R=-1361.9 C=  19 Safe=96.04% SAI=0.336 Jain=1.000 PeakMF=0.694
[Ep  3800 | Step 1,824,000/2,000,000 | 378 sps] R=-1319.5 C=   7 Safe=98.54% SAI=0.337 Jain=1.000 PeakMF=0.695
[Ep  3850 | Step 1,848,000/2,000,000 | 378 sps] R=-1298.4 C=   2 Safe=99.58% SAI=0.337 Jain=1.000 PeakMF=0.693
[Ep  3900 | Step 1,872,000/2,000,000 | 378 sps] R=-1501.4 C=  45 Safe=91.46% SAI=0.337 Jain=1.000 PeakMF=0.694
[Ep  3950 | Step 1,896,000/2,000,000 | 378 sps] R=-1349.0 C=  13 Safe=97.71% SAI=0.337 Jain=1.000 PeakMF=0.695
[Ep  4000 | Step 1,920,000/2,000,000 | 378 sps] R=-1522.2 C=  48 Safe=92.29% SAI=0.337 Jain=1.000 PeakMF=0.692
[Ep  4050 | Step 1,944,000/2,000,000 | 378 sps] R=-1331.7 C=  10 Safe=98.33% SAI=0.337 Jain=1.000 PeakMF=0.696
[Ep  4100 | Step 1,968,000/2,000,000 | 378 sps] R=-1775.9 C= 103 Safe=88.54% SAI=0.336 Jain=1.000 PeakMF=0.695
[Ep  4150 | Step 1,992,000/2,000,000 | 378 sps] R=-1318.4 C=   4 Safe=99.38% SAI=0.337 Jain=1.000 PeakMF=0.692

============================================================
Training complete: 4167 episodes, 2,000,160 steps
Best reward: -1269.8
Wall time: 1.47 hours
Checkpoint: checkpoints/hcmarl_anchor/seed_7/checkpoint_final.pt
============================================================
