Using device: cuda
2026-05-06 07:53:12 | hcmarl.utils | INFO | HIGH determinism: cudnn.deterministic=True, torch.use_deterministic_algorithms(True), matmul=highest, CUBLAS_WORKSPACE_CONFIG=:4096:8 (EXP3-Part-1-equivalent reproducibility)
Path G: loading pre-computed profiles from /root/hcmarl_project/config/pathg_profiles.json
Generating demonstrations from calibrated profiles (Eq 35 controller)...
  Generated 102 demonstrations from 34 workers
  HELDOUT_NLL model selection for K:
    K=1: heldout_nll=1368.5785
    K=2: heldout_nll=-23.0500
    K=3: heldout_nll=8638.0996
    K=4: heldout_nll=176041.8125
    K=5: heldout_nll=-25.8494
  Selected K=5 (lowest heldout_nll=-25.8494)

--- MMICRL Type Discovery Results ---
  Demonstrations: 102
  Types discovered: 5
  Type proportions: ['0.32', '0.25', '0.09', '0.09', '0.25']
  Mutual information I(tau;z): 0.0000
  Objective value: 0.0000
  Learned thresholds per type (raw):
    Type 0: {shoulder: 0.184}
    Type 1: {shoulder: 0.311}
    Type 2: {shoulder: 0.161}
    Type 3: {shoulder: 0.197}
    Type 4: {shoulder: 0.255}
  WARNING: MI (0.0000) < 0.01 -- latent types are behaviorally indistinguishable on this demo set. Effective per-worker theta will fall back to config floors (no MMICRL contribution). Consider multi-muscle demos or lambda1 tuning to restore discrimination.
  Results saved to logs/hcmarl_anchor/seed_4/mmicrl/mmicrl_results.json
2026-05-06 07:53:59 | hcmarl.utils | INFO | HIGH determinism: cudnn.deterministic=True, torch.use_deterministic_algorithms(True), matmul=highest, CUBLAS_WORKSPACE_CONFIG=:4096:8 (EXP3-Part-1-equivalent reproducibility)
Using MMICRL-learned thresholds for 6 workers (5 types, rescaled into [floor,1]; floors: {'shoulder': 0.7, 'ankle': 0.8, 'knee': 0.6, 'elbow': 0.45, 'trunk': 0.65, 'grip': 0.45})
  Effective per-worker theta_max: {'worker_0': {'shoulder': 0.7}, 'worker_1': {'shoulder': 0.7}, 'worker_2': {'shoulder': 0.7}, 'worker_3': {'shoulder': 0.7}, 'worker_4': {'shoulder': 0.7}, 'worker_5': {'shoulder': 0.7}}
============================================================
HC-MARL Training: HC-MARL (MAPPO + ECBF + NSWF)
Seed: 4 | Device: cuda | Workers: 6
Total steps: 2,000,000 | Eval every: 50,000
Checkpoint dir: checkpoints/hcmarl_anchor/seed_4
============================================================
[Ep    50 | Step    24,000/2,000,000 | 313 sps] R=-5819.4 C= 407 Safe=57.29% SAI=0.440 Jain=1.000 PeakMF=0.666
[Ep   100 | Step    48,000/2,000,000 | 313 sps] R=-5538.4 C= 441 Safe=61.88% SAI=0.426 Jain=1.000 PeakMF=0.678
[Ep   150 | Step    72,000/2,000,000 | 314 sps] R=-5550.6 C= 610 Safe=40.62% SAI=0.389 Jain=1.000 PeakMF=0.686
[Ep   200 | Step    96,000/2,000,000 | 314 sps] R=-2717.4 C=  35 Safe=92.92% SAI=0.387 Jain=1.000 PeakMF=0.684
[Ep   250 | Step   120,000/2,000,000 | 314 sps] R=-2630.2 C=  57 Safe=89.79% SAI=0.387 Jain=1.000 PeakMF=0.683
[Ep   300 | Step   144,000/2,000,000 | 314 sps] R=-3085.1 C= 163 Safe=76.46% SAI=0.373 Jain=1.000 PeakMF=0.684
[Ep   350 | Step   168,000/2,000,000 | 314 sps] R=-2213.6 C=  40 Safe=91.88% SAI=0.363 Jain=1.000 PeakMF=0.685
[Ep   400 | Step   192,000/2,000,000 | 314 sps] R=-3709.7 C= 386 Safe=71.46% SAI=0.352 Jain=1.000 PeakMF=0.686
[Ep   450 | Step   216,000/2,000,000 | 314 sps] R=-1920.1 C=  16 Safe=96.67% SAI=0.355 Jain=1.000 PeakMF=0.681
[Ep   500 | Step   240,000/2,000,000 | 314 sps] R=-1829.7 C=  22 Safe=96.04% SAI=0.349 Jain=1.000 PeakMF=0.685
[Ep   550 | Step   264,000/2,000,000 | 314 sps] R=-2148.6 C= 129 Safe=79.58% SAI=0.342 Jain=1.000 PeakMF=0.689
[Ep   600 | Step   288,000/2,000,000 | 314 sps] R=-1595.2 C=  10 Safe=97.92% SAI=0.342 Jain=1.000 PeakMF=0.686
[Ep   650 | Step   312,000/2,000,000 | 314 sps] R=-1626.7 C=  29 Safe=94.79% SAI=0.340 Jain=1.000 PeakMF=0.688
[Ep   700 | Step   336,000/2,000,000 | 314 sps] R=-1539.3 C=  18 Safe=96.67% SAI=0.340 Jain=1.000 PeakMF=0.686
[Ep   750 | Step   360,000/2,000,000 | 314 sps] R=-1526.9 C=  23 Safe=95.42% SAI=0.337 Jain=1.000 PeakMF=0.687
[Ep   800 | Step   384,000/2,000,000 | 314 sps] R=-1559.6 C=  34 Safe=93.75% SAI=0.337 Jain=1.000 PeakMF=0.689
[Ep   850 | Step   408,000/2,000,000 | 314 sps] R=-1464.4 C=  11 Safe=97.71% SAI=0.340 Jain=1.000 PeakMF=0.690
[Ep   900 | Step   432,000/2,000,000 | 314 sps] R=-1490.4 C=  18 Safe=97.29% SAI=0.339 Jain=1.000 PeakMF=0.686
[Ep   950 | Step   456,000/2,000,000 | 314 sps] R=-1447.5 C=   5 Safe=99.17% SAI=0.338 Jain=1.000 PeakMF=0.690
[Ep  1000 | Step   480,000/2,000,000 | 314 sps] R=-1528.4 C=  28 Safe=95.83% SAI=0.339 Jain=1.000 PeakMF=0.691
[Ep  1050 | Step   504,000/2,000,000 | 314 sps] R=-1656.5 C=  58 Safe=90.62% SAI=0.337 Jain=1.000 PeakMF=0.690
[Ep  1100 | Step   528,000/2,000,000 | 314 sps] R=-1407.0 C=   6 Safe=98.75% SAI=0.337 Jain=1.000 PeakMF=0.690
[Ep  1150 | Step   552,000/2,000,000 | 314 sps] R=-1433.4 C=  14 Safe=97.29% SAI=0.337 Jain=1.000 PeakMF=0.693
[Ep  1200 | Step   576,000/2,000,000 | 314 sps] R=-1366.4 C=   0 Safe=100.00% SAI=0.337 Jain=1.000 PeakMF=0.692
[Ep  1250 | Step   600,000/2,000,000 | 314 sps] R=-1723.0 C=  81 Safe=88.33% SAI=0.336 Jain=1.000 PeakMF=0.694
[Ep  1300 | Step   624,000/2,000,000 | 314 sps] R=-1367.4 C=   1 Safe=99.79% SAI=0.337 Jain=1.000 PeakMF=0.695
[Ep  1350 | Step   648,000/2,000,000 | 314 sps] R=-1471.8 C=  30 Safe=95.42% SAI=0.336 Jain=1.000 PeakMF=0.693
[Ep  1400 | Step   672,000/2,000,000 | 314 sps] R=-1440.2 C=  25 Safe=96.25% SAI=0.337 Jain=1.000 PeakMF=0.694
[Ep  1450 | Step   696,000/2,000,000 | 314 sps] R=-1727.2 C=  84 Safe=90.21% SAI=0.336 Jain=1.000 PeakMF=0.693
[Ep  1500 | Step   720,000/2,000,000 | 314 sps] R=-1402.2 C=  14 Safe=98.12% SAI=0.336 Jain=1.000 PeakMF=0.692
[Ep  1550 | Step   744,000/2,000,000 | 314 sps] R=-1436.1 C=  24 Safe=96.04% SAI=0.336 Jain=1.000 PeakMF=0.691
[Ep  1600 | Step   768,000/2,000,000 | 314 sps] R=-1409.3 C=  15 Safe=97.71% SAI=0.337 Jain=1.000 PeakMF=0.694
[Ep  1650 | Step   792,000/2,000,000 | 314 sps] R=-1479.9 C=  34 Safe=94.38% SAI=0.336 Jain=1.000 PeakMF=0.695
[Ep  1700 | Step   816,000/2,000,000 | 314 sps] R=-1702.4 C=  78 Safe=90.21% SAI=0.337 Jain=1.000 PeakMF=0.693
[Ep  1750 | Step   840,000/2,000,000 | 314 sps] R=-1351.2 C=   5 Safe=98.96% SAI=0.337 Jain=1.000 PeakMF=0.696
[Ep  1800 | Step   864,000/2,000,000 | 314 sps] R=-1450.8 C=  28 Safe=95.83% SAI=0.337 Jain=1.000 PeakMF=0.696
[Ep  1850 | Step   888,000/2,000,000 | 314 sps] R=-1473.0 C=  30 Safe=94.79% SAI=0.337 Jain=1.000 PeakMF=0.692
[Ep  1900 | Step   912,000/2,000,000 | 314 sps] R=-1455.5 C=  30 Safe=96.25% SAI=0.337 Jain=1.000 PeakMF=0.696
[Ep  1950 | Step   936,000/2,000,000 | 314 sps] R=-1423.2 C=  20 Safe=96.46% SAI=0.335 Jain=1.000 PeakMF=0.696
[Ep  2000 | Step   960,000/2,000,000 | 314 sps] R=-1708.9 C=  81 Safe=90.83% SAI=0.335 Jain=1.000 PeakMF=0.695
[Ep  2050 | Step   984,000/2,000,000 | 314 sps] R=-1486.3 C=  35 Safe=93.75% SAI=0.336 Jain=1.000 PeakMF=0.696
[Ep  2100 | Step 1,008,000/2,000,000 | 314 sps] R=-1498.0 C=  40 Safe=94.17% SAI=0.336 Jain=1.000 PeakMF=0.695
[Ep  2150 | Step 1,032,000/2,000,000 | 314 sps] R=-1380.1 C=  13 Safe=97.29% SAI=0.336 Jain=1.000 PeakMF=0.696
[Ep  2200 | Step 1,056,000/2,000,000 | 314 sps] R=-1418.6 C=  26 Safe=95.21% SAI=0.337 Jain=1.000 PeakMF=0.695
[Ep  2250 | Step 1,080,000/2,000,000 | 314 sps] R=-1443.9 C=  26 Safe=96.25% SAI=0.336 Jain=1.000 PeakMF=0.696
[Ep  2300 | Step 1,104,000/2,000,000 | 314 sps] R=-1456.6 C=  29 Safe=94.58% SAI=0.337 Jain=1.000 PeakMF=0.694
[Ep  2350 | Step 1,128,000/2,000,000 | 314 sps] R=-1366.9 C=  10 Safe=98.12% SAI=0.337 Jain=1.000 PeakMF=0.696
[Ep  2400 | Step 1,152,000/2,000,000 | 314 sps] R=-1412.3 C=  21 Safe=96.04% SAI=0.337 Jain=1.000 PeakMF=0.696
[Ep  2450 | Step 1,176,000/2,000,000 | 314 sps] R=-1346.6 C=  11 Safe=98.12% SAI=0.337 Jain=1.000 PeakMF=0.695
[Ep  2500 | Step 1,200,000/2,000,000 | 314 sps] R=-1667.7 C=  76 Safe=87.50% SAI=0.336 Jain=1.000 PeakMF=0.697
[Ep  2550 | Step 1,224,000/2,000,000 | 314 sps] R=-1538.1 C=  53 Safe=91.46% SAI=0.335 Jain=1.000 PeakMF=0.696
[Ep  2600 | Step 1,248,000/2,000,000 | 314 sps] R=-1372.4 C=  18 Safe=96.25% SAI=0.336 Jain=1.000 PeakMF=0.696
[Ep  2650 | Step 1,272,000/2,000,000 | 314 sps] R=-1393.2 C=  21 Safe=96.67% SAI=0.336 Jain=1.000 PeakMF=0.696
[Ep  2700 | Step 1,296,000/2,000,000 | 314 sps] R=-1517.5 C=  48 Safe=93.12% SAI=0.336 Jain=1.000 PeakMF=0.695
[Ep  2750 | Step 1,320,000/2,000,000 | 314 sps] R=-1477.4 C=  40 Safe=93.54% SAI=0.336 Jain=1.000 PeakMF=0.695
[Ep  2800 | Step 1,344,000/2,000,000 | 314 sps] R=-1378.1 C=  18 Safe=97.50% SAI=0.336 Jain=1.000 PeakMF=0.694
[Ep  2850 | Step 1,368,000/2,000,000 | 314 sps] R=-1445.5 C=  36 Safe=94.17% SAI=0.336 Jain=1.000 PeakMF=0.694
[Ep  2900 | Step 1,392,000/2,000,000 | 314 sps] R=-1359.1 C=  13 Safe=97.50% SAI=0.337 Jain=1.000 PeakMF=0.691
[Ep  2950 | Step 1,416,000/2,000,000 | 314 sps] R=-1359.5 C=  13 Safe=98.33% SAI=0.336 Jain=1.000 PeakMF=0.693
[Ep  3000 | Step 1,440,000/2,000,000 | 314 sps] R=-1446.2 C=  33 Safe=93.54% SAI=0.336 Jain=1.000 PeakMF=0.696
[Ep  3050 | Step 1,464,000/2,000,000 | 314 sps] R=-1338.0 C=  11 Safe=97.71% SAI=0.336 Jain=1.000 PeakMF=0.696
[Ep  3100 | Step 1,488,000/2,000,000 | 314 sps] R=-1335.8 C=  12 Safe=97.92% SAI=0.336 Jain=1.000 PeakMF=0.696
[Ep  3150 | Step 1,512,000/2,000,000 | 314 sps] R=-1300.8 C=   3 Safe=99.38% SAI=0.337 Jain=1.000 PeakMF=0.696
[Ep  3200 | Step 1,536,000/2,000,000 | 314 sps] R=-1396.3 C=  25 Safe=95.62% SAI=0.337 Jain=1.000 PeakMF=0.695
[Ep  3250 | Step 1,560,000/2,000,000 | 314 sps] R=-1430.9 C=  30 Safe=95.62% SAI=0.336 Jain=1.000 PeakMF=0.696
[Ep  3300 | Step 1,584,000/2,000,000 | 314 sps] R=-1468.9 C=  38 Safe=92.71% SAI=0.336 Jain=1.000 PeakMF=0.697
[Ep  3350 | Step 1,608,000/2,000,000 | 314 sps] R=-1509.0 C=  48 Safe=92.29% SAI=0.336 Jain=1.000 PeakMF=0.696
[Ep  3400 | Step 1,632,000/2,000,000 | 314 sps] R=-1316.3 C=   6 Safe=98.75% SAI=0.337 Jain=1.000 PeakMF=0.693
[Ep  3450 | Step 1,656,000/2,000,000 | 314 sps] R=-1306.6 C=   3 Safe=99.58% SAI=0.337 Jain=1.000 PeakMF=0.696
[Ep  3500 | Step 1,680,000/2,000,000 | 314 sps] R=-1448.1 C=  36 Safe=95.42% SAI=0.337 Jain=1.000 PeakMF=0.695
[Ep  3550 | Step 1,704,000/2,000,000 | 314 sps] R=-1299.2 C=   5 Safe=98.96% SAI=0.337 Jain=1.000 PeakMF=0.695
[Ep  3600 | Step 1,728,000/2,000,000 | 314 sps] R=-1321.0 C=   8 Safe=98.33% SAI=0.336 Jain=1.000 PeakMF=0.695
[Ep  3650 | Step 1,752,000/2,000,000 | 314 sps] R=-1329.2 C=  12 Safe=97.50% SAI=0.336 Jain=1.000 PeakMF=0.695
[Ep  3700 | Step 1,776,000/2,000,000 | 314 sps] R=-1343.5 C=  13 Safe=97.29% SAI=0.337 Jain=1.000 PeakMF=0.695
[Ep  3750 | Step 1,800,000/2,000,000 | 314 sps] R=-1307.8 C=   7 Safe=98.75% SAI=0.337 Jain=1.000 PeakMF=0.695
[Ep  3800 | Step 1,824,000/2,000,000 | 314 sps] R=-1374.9 C=  22 Safe=96.88% SAI=0.336 Jain=1.000 PeakMF=0.695
[Ep  3850 | Step 1,848,000/2,000,000 | 314 sps] R=-1330.6 C=   7 Safe=98.96% SAI=0.337 Jain=1.000 PeakMF=0.693
[Ep  3900 | Step 1,872,000/2,000,000 | 314 sps] R=-1363.3 C=  19 Safe=96.88% SAI=0.337 Jain=1.000 PeakMF=0.695
[Ep  3950 | Step 1,896,000/2,000,000 | 314 sps] R=-1355.2 C=  18 Safe=97.08% SAI=0.336 Jain=1.000 PeakMF=0.696
[Ep  4000 | Step 1,920,000/2,000,000 | 314 sps] R=-1301.0 C=   5 Safe=98.96% SAI=0.336 Jain=1.000 PeakMF=0.695
[Ep  4050 | Step 1,944,000/2,000,000 | 314 sps] R=-1307.6 C=   6 Safe=98.96% SAI=0.337 Jain=1.000 PeakMF=0.695
[Ep  4100 | Step 1,968,000/2,000,000 | 314 sps] R=-1379.1 C=  21 Safe=96.46% SAI=0.336 Jain=1.000 PeakMF=0.694
[Ep  4150 | Step 1,992,000/2,000,000 | 314 sps] R=-1467.2 C=  38 Safe=94.17% SAI=0.337 Jain=1.000 PeakMF=0.693

============================================================
Training complete: 4167 episodes, 2,000,160 steps
Best reward: -1275.6
Wall time: 1.77 hours
Checkpoint: checkpoints/hcmarl_anchor/seed_4/checkpoint_final.pt
============================================================
