Using device: cuda
2026-05-06 07:53:12 | hcmarl.utils | INFO | HIGH determinism: cudnn.deterministic=True, torch.use_deterministic_algorithms(True), matmul=highest, CUBLAS_WORKSPACE_CONFIG=:4096:8 (EXP3-Part-1-equivalent reproducibility)
Path G: loading pre-computed profiles from /root/hcmarl_project/config/pathg_profiles.json
Generating demonstrations from calibrated profiles (Eq 35 controller)...
  Generated 102 demonstrations from 34 workers
  HELDOUT_NLL model selection for K:
    K=1: heldout_nll=1881107.8750
    K=2: heldout_nll=40768.6328
    K=3: heldout_nll=15921.8301
    K=4: heldout_nll=7526.2051
    K=5: heldout_nll=2008208768.0000
  Selected K=4 (lowest heldout_nll=7526.2051)

--- MMICRL Type Discovery Results ---
  Demonstrations: 102
  Types discovered: 4
  Type proportions: ['0.44', '0.13', '0.08', '0.35']
  Mutual information I(tau;z): 0.0000
  Objective value: 0.0000
  Learned thresholds per type (raw):
    Type 0: {shoulder: 0.229}
    Type 1: {shoulder: 0.308}
    Type 2: {shoulder: 0.322}
    Type 3: {shoulder: 0.195}
  WARNING: MI (0.0000) < 0.01 -- latent types are behaviorally indistinguishable on this demo set. Effective per-worker theta will fall back to config floors (no MMICRL contribution). Consider multi-muscle demos or lambda1 tuning to restore discrimination.
  Results saved to logs/hcmarl_anchor/seed_1/mmicrl/mmicrl_results.json
2026-05-06 07:53:57 | hcmarl.utils | INFO | HIGH determinism: cudnn.deterministic=True, torch.use_deterministic_algorithms(True), matmul=highest, CUBLAS_WORKSPACE_CONFIG=:4096:8 (EXP3-Part-1-equivalent reproducibility)
Using MMICRL-learned thresholds for 6 workers (4 types, rescaled into [floor,1]; floors: {'shoulder': 0.7, 'ankle': 0.8, 'knee': 0.6, 'elbow': 0.45, 'trunk': 0.65, 'grip': 0.45})
  Effective per-worker theta_max: {'worker_0': {'shoulder': 0.7}, 'worker_1': {'shoulder': 0.7}, 'worker_2': {'shoulder': 0.7}, 'worker_3': {'shoulder': 0.7}, 'worker_4': {'shoulder': 0.7}, 'worker_5': {'shoulder': 0.7}}
============================================================
HC-MARL Training: HC-MARL (MAPPO + ECBF + NSWF)
Seed: 1 | Device: cuda | Workers: 6
Total steps: 2,000,000 | Eval every: 50,000
Checkpoint dir: checkpoints/hcmarl_anchor/seed_1
============================================================
[Ep    50 | Step    24,000/2,000,000 | 313 sps] R=-6987.8 C= 685 Safe=67.08% SAI=0.427 Jain=1.000 PeakMF=0.678
[Ep   100 | Step    48,000/2,000,000 | 313 sps] R=-5549.4 C= 498 Safe=45.62% SAI=0.407 Jain=1.000 PeakMF=0.693
[Ep   150 | Step    72,000/2,000,000 | 314 sps] R=-3207.3 C= 121 Safe=79.79% SAI=0.393 Jain=1.000 PeakMF=0.682
[Ep   200 | Step    96,000/2,000,000 | 314 sps] R=-2868.7 C=  44 Safe=90.83% SAI=0.398 Jain=1.000 PeakMF=0.683
[Ep   250 | Step   120,000/2,000,000 | 314 sps] R=-2936.7 C=  85 Safe=84.17% SAI=0.391 Jain=1.000 PeakMF=0.688
[Ep   300 | Step   144,000/2,000,000 | 314 sps] R=-2781.3 C=  71 Safe=85.62% SAI=0.385 Jain=1.000 PeakMF=0.683
[Ep   350 | Step   168,000/2,000,000 | 314 sps] R=-2413.0 C=  94 Safe=84.79% SAI=0.363 Jain=1.000 PeakMF=0.684
[Ep   400 | Step   192,000/2,000,000 | 314 sps] R=-2088.2 C=  36 Safe=93.75% SAI=0.355 Jain=1.000 PeakMF=0.676
[Ep   450 | Step   216,000/2,000,000 | 314 sps] R=-1991.0 C=  57 Safe=89.38% SAI=0.348 Jain=1.000 PeakMF=0.686
[Ep   500 | Step   240,000/2,000,000 | 314 sps] R=-1934.0 C=  37 Safe=93.12% SAI=0.351 Jain=1.000 PeakMF=0.685
[Ep   550 | Step   264,000/2,000,000 | 314 sps] R=-2484.4 C= 198 Safe=73.96% SAI=0.340 Jain=1.000 PeakMF=0.689
[Ep   600 | Step   288,000/2,000,000 | 314 sps] R=-1821.3 C=  59 Safe=88.33% SAI=0.343 Jain=1.000 PeakMF=0.693
[Ep   650 | Step   312,000/2,000,000 | 314 sps] R=-1770.4 C=  69 Safe=88.96% SAI=0.338 Jain=1.000 PeakMF=0.689
[Ep   700 | Step   336,000/2,000,000 | 314 sps] R=-1511.0 C=   5 Safe=98.96% SAI=0.338 Jain=1.000 PeakMF=0.690
[Ep   750 | Step   360,000/2,000,000 | 314 sps] R=-1638.7 C=  42 Safe=92.92% SAI=0.338 Jain=1.000 PeakMF=0.691
[Ep   800 | Step   384,000/2,000,000 | 314 sps] R=-1477.0 C=  12 Safe=97.92% SAI=0.337 Jain=1.000 PeakMF=0.689
[Ep   850 | Step   408,000/2,000,000 | 314 sps] R=-1439.0 C=   4 Safe=99.17% SAI=0.337 Jain=1.000 PeakMF=0.689
[Ep   900 | Step   432,000/2,000,000 | 314 sps] R=-1459.3 C=  10 Safe=97.92% SAI=0.339 Jain=1.000 PeakMF=0.689
[Ep   950 | Step   456,000/2,000,000 | 314 sps] R=-1450.1 C=  13 Safe=97.29% SAI=0.338 Jain=1.000 PeakMF=0.689
[Ep  1000 | Step   480,000/2,000,000 | 314 sps] R=-1481.9 C=  24 Safe=95.21% SAI=0.337 Jain=1.000 PeakMF=0.692
[Ep  1050 | Step   504,000/2,000,000 | 314 sps] R=-1458.9 C=  20 Safe=97.08% SAI=0.336 Jain=1.000 PeakMF=0.692
[Ep  1100 | Step   528,000/2,000,000 | 314 sps] R=-1756.0 C=  85 Safe=85.62% SAI=0.336 Jain=1.000 PeakMF=0.693
[Ep  1150 | Step   552,000/2,000,000 | 314 sps] R=-1389.4 C=   4 Safe=99.17% SAI=0.338 Jain=1.000 PeakMF=0.692
[Ep  1200 | Step   576,000/2,000,000 | 314 sps] R=-1392.7 C=  11 Safe=98.33% SAI=0.337 Jain=1.000 PeakMF=0.693
[Ep  1250 | Step   600,000/2,000,000 | 314 sps] R=-1754.8 C=  88 Safe=86.46% SAI=0.336 Jain=1.000 PeakMF=0.694
[Ep  1300 | Step   624,000/2,000,000 | 314 sps] R=-1427.4 C=  15 Safe=97.50% SAI=0.337 Jain=1.000 PeakMF=0.692
[Ep  1350 | Step   648,000/2,000,000 | 314 sps] R=-1546.5 C=  46 Safe=93.54% SAI=0.336 Jain=1.000 PeakMF=0.693
[Ep  1400 | Step   672,000/2,000,000 | 314 sps] R=-1435.4 C=  21 Safe=96.88% SAI=0.336 Jain=1.000 PeakMF=0.695
[Ep  1450 | Step   696,000/2,000,000 | 314 sps] R=-1390.4 C=  14 Safe=97.92% SAI=0.335 Jain=1.000 PeakMF=0.694
[Ep  1500 | Step   720,000/2,000,000 | 314 sps] R=-1390.5 C=  11 Safe=98.33% SAI=0.336 Jain=1.000 PeakMF=0.693
[Ep  1550 | Step   744,000/2,000,000 | 314 sps] R=-1351.3 C=   1 Safe=99.79% SAI=0.337 Jain=1.000 PeakMF=0.693
[Ep  1600 | Step   768,000/2,000,000 | 314 sps] R=-1530.5 C=  40 Safe=92.71% SAI=0.335 Jain=1.000 PeakMF=0.694
[Ep  1650 | Step   792,000/2,000,000 | 314 sps] R=-1368.0 C=   6 Safe=99.17% SAI=0.336 Jain=1.000 PeakMF=0.695
[Ep  1700 | Step   816,000/2,000,000 | 314 sps] R=-1381.1 C=  10 Safe=98.12% SAI=0.336 Jain=1.000 PeakMF=0.696
[Ep  1750 | Step   840,000/2,000,000 | 314 sps] R=-1424.4 C=  20 Safe=97.08% SAI=0.337 Jain=1.000 PeakMF=0.695
[Ep  1800 | Step   864,000/2,000,000 | 314 sps] R=-1618.6 C=  62 Safe=91.46% SAI=0.337 Jain=1.000 PeakMF=0.697
[Ep  1850 | Step   888,000/2,000,000 | 314 sps] R=-1412.6 C=  13 Safe=98.12% SAI=0.337 Jain=1.000 PeakMF=0.694
[Ep  1900 | Step   912,000/2,000,000 | 314 sps] R=-1584.3 C=  57 Safe=90.83% SAI=0.336 Jain=1.000 PeakMF=0.697
[Ep  1950 | Step   936,000/2,000,000 | 314 sps] R=-1392.3 C=  18 Safe=97.08% SAI=0.336 Jain=1.000 PeakMF=0.696
[Ep  2000 | Step   960,000/2,000,000 | 314 sps] R=-1392.3 C=  16 Safe=97.29% SAI=0.336 Jain=1.000 PeakMF=0.696
[Ep  2050 | Step   984,000/2,000,000 | 314 sps] R=-1346.7 C=   6 Safe=99.17% SAI=0.336 Jain=1.000 PeakMF=0.696
[Ep  2100 | Step 1,008,000/2,000,000 | 314 sps] R=-1374.0 C=  12 Safe=97.92% SAI=0.337 Jain=1.000 PeakMF=0.692
[Ep  2150 | Step 1,032,000/2,000,000 | 314 sps] R=-1447.0 C=  31 Safe=95.83% SAI=0.337 Jain=1.000 PeakMF=0.694
[Ep  2200 | Step 1,056,000/2,000,000 | 314 sps] R=-1463.3 C=  34 Safe=93.75% SAI=0.336 Jain=1.000 PeakMF=0.696
[Ep  2250 | Step 1,080,000/2,000,000 | 314 sps] R=-1635.5 C=  67 Safe=90.42% SAI=0.337 Jain=1.000 PeakMF=0.695
[Ep  2300 | Step 1,104,000/2,000,000 | 314 sps] R=-1377.0 C=  14 Safe=98.12% SAI=0.337 Jain=1.000 PeakMF=0.694
[Ep  2350 | Step 1,128,000/2,000,000 | 314 sps] R=-1471.1 C=  36 Safe=95.21% SAI=0.336 Jain=1.000 PeakMF=0.696
[Ep  2400 | Step 1,152,000/2,000,000 | 314 sps] R=-1359.7 C=  11 Safe=98.33% SAI=0.336 Jain=1.000 PeakMF=0.695
[Ep  2450 | Step 1,176,000/2,000,000 | 314 sps] R=-1469.4 C=  35 Safe=94.79% SAI=0.337 Jain=1.000 PeakMF=0.692
[Ep  2500 | Step 1,200,000/2,000,000 | 314 sps] R=-1480.9 C=  33 Safe=96.04% SAI=0.337 Jain=1.000 PeakMF=0.692
[Ep  2550 | Step 1,224,000/2,000,000 | 314 sps] R=-1381.8 C=  16 Safe=97.29% SAI=0.337 Jain=1.000 PeakMF=0.694
[Ep  2600 | Step 1,248,000/2,000,000 | 314 sps] R=-1323.1 C=   2 Safe=99.58% SAI=0.337 Jain=1.000 PeakMF=0.693
[Ep  2650 | Step 1,272,000/2,000,000 | 314 sps] R=-1344.8 C=  13 Safe=97.92% SAI=0.336 Jain=1.000 PeakMF=0.696
[Ep  2700 | Step 1,296,000/2,000,000 | 314 sps] R=-1377.7 C=  19 Safe=96.88% SAI=0.337 Jain=1.000 PeakMF=0.695
[Ep  2750 | Step 1,320,000/2,000,000 | 314 sps] R=-1351.8 C=  13 Safe=97.29% SAI=0.336 Jain=1.000 PeakMF=0.696
[Ep  2800 | Step 1,344,000/2,000,000 | 314 sps] R=-1306.7 C=   4 Safe=99.17% SAI=0.337 Jain=1.000 PeakMF=0.695
[Ep  2850 | Step 1,368,000/2,000,000 | 314 sps] R=-1462.9 C=  33 Safe=95.00% SAI=0.337 Jain=1.000 PeakMF=0.695
[Ep  2900 | Step 1,392,000/2,000,000 | 314 sps] R=-1394.5 C=  21 Safe=96.25% SAI=0.336 Jain=1.000 PeakMF=0.696
[Ep  2950 | Step 1,416,000/2,000,000 | 314 sps] R=-1327.1 C=   9 Safe=98.12% SAI=0.336 Jain=1.000 PeakMF=0.696
[Ep  3000 | Step 1,440,000/2,000,000 | 314 sps] R=-1307.2 C=   3 Safe=99.38% SAI=0.336 Jain=1.000 PeakMF=0.694
[Ep  3050 | Step 1,464,000/2,000,000 | 314 sps] R=-1437.7 C=  34 Safe=93.75% SAI=0.336 Jain=1.000 PeakMF=0.695
[Ep  3100 | Step 1,488,000/2,000,000 | 314 sps] R=-1389.6 C=  24 Safe=95.00% SAI=0.336 Jain=1.000 PeakMF=0.698
[Ep  3150 | Step 1,512,000/2,000,000 | 314 sps] R=-1448.5 C=  36 Safe=93.96% SAI=0.336 Jain=1.000 PeakMF=0.694
[Ep  3200 | Step 1,536,000/2,000,000 | 314 sps] R=-1312.9 C=   3 Safe=99.38% SAI=0.337 Jain=1.000 PeakMF=0.696
[Ep  3250 | Step 1,560,000/2,000,000 | 314 sps] R=-1338.0 C=  14 Safe=97.08% SAI=0.336 Jain=1.000 PeakMF=0.695
[Ep  3300 | Step 1,584,000/2,000,000 | 314 sps] R=-1460.8 C=  35 Safe=95.83% SAI=0.336 Jain=1.000 PeakMF=0.698
[Ep  3350 | Step 1,608,000/2,000,000 | 314 sps] R=-1405.9 C=  27 Safe=96.46% SAI=0.336 Jain=1.000 PeakMF=0.693
[Ep  3400 | Step 1,632,000/2,000,000 | 314 sps] R=-1359.8 C=  18 Safe=96.67% SAI=0.337 Jain=1.000 PeakMF=0.695
[Ep  3450 | Step 1,656,000/2,000,000 | 314 sps] R=-1353.1 C=  15 Safe=97.50% SAI=0.336 Jain=1.000 PeakMF=0.693
[Ep  3500 | Step 1,680,000/2,000,000 | 314 sps] R=-1500.5 C=  43 Safe=93.75% SAI=0.337 Jain=1.000 PeakMF=0.695
[Ep  3550 | Step 1,704,000/2,000,000 | 314 sps] R=-1322.7 C=  10 Safe=98.33% SAI=0.336 Jain=1.000 PeakMF=0.694
[Ep  3600 | Step 1,728,000/2,000,000 | 314 sps] R=-1296.4 C=   2 Safe=99.58% SAI=0.337 Jain=1.000 PeakMF=0.695
[Ep  3650 | Step 1,752,000/2,000,000 | 314 sps] R=-1318.0 C=   5 Safe=98.96% SAI=0.337 Jain=1.000 PeakMF=0.692
[Ep  3700 | Step 1,776,000/2,000,000 | 314 sps] R=-1303.6 C=   7 Safe=98.75% SAI=0.336 Jain=1.000 PeakMF=0.694
[Ep  3750 | Step 1,800,000/2,000,000 | 314 sps] R=-1302.2 C=   4 Safe=99.17% SAI=0.337 Jain=1.000 PeakMF=0.695
[Ep  3800 | Step 1,824,000/2,000,000 | 314 sps] R=-1331.2 C=   9 Safe=98.75% SAI=0.337 Jain=1.000 PeakMF=0.695
[Ep  3850 | Step 1,848,000/2,000,000 | 314 sps] R=-1408.6 C=  24 Safe=96.67% SAI=0.337 Jain=1.000 PeakMF=0.694
[Ep  3900 | Step 1,872,000/2,000,000 | 314 sps] R=-1528.9 C=  53 Safe=91.88% SAI=0.336 Jain=1.000 PeakMF=0.695
[Ep  3950 | Step 1,896,000/2,000,000 | 314 sps] R=-1479.5 C=  43 Safe=93.33% SAI=0.336 Jain=1.000 PeakMF=0.697
[Ep  4000 | Step 1,920,000/2,000,000 | 314 sps] R=-1341.2 C=  13 Safe=97.92% SAI=0.337 Jain=1.000 PeakMF=0.695
[Ep  4050 | Step 1,944,000/2,000,000 | 314 sps] R=-1428.4 C=  33 Safe=94.79% SAI=0.336 Jain=1.000 PeakMF=0.696
[Ep  4100 | Step 1,968,000/2,000,000 | 314 sps] R=-1414.8 C=  30 Safe=93.96% SAI=0.336 Jain=1.000 PeakMF=0.697
[Ep  4150 | Step 1,992,000/2,000,000 | 314 sps] R=-1572.4 C=  61 Safe=90.00% SAI=0.337 Jain=1.000 PeakMF=0.697

============================================================
Training complete: 4167 episodes, 2,000,160 steps
Best reward: -1279.2
Wall time: 1.77 hours
Checkpoint: checkpoints/hcmarl_anchor/seed_1/checkpoint_final.pt
============================================================
