Using device: cuda
2026-05-06 07:53:12 | hcmarl.utils | INFO | HIGH determinism: cudnn.deterministic=True, torch.use_deterministic_algorithms(True), matmul=highest, CUBLAS_WORKSPACE_CONFIG=:4096:8 (EXP3-Part-1-equivalent reproducibility)
Path G: loading pre-computed profiles from /root/hcmarl_project/config/pathg_profiles.json
Generating demonstrations from calibrated profiles (Eq 35 controller)...
  Generated 102 demonstrations from 34 workers
  HELDOUT_NLL model selection for K:
    K=1: heldout_nll=62283.0234
    K=2: heldout_nll=1966.1019
    K=3: heldout_nll=25227.7559
    K=4: heldout_nll=67905.9062
    K=5: heldout_nll=159467.4844
  Selected K=2 (lowest heldout_nll=1966.1019)

--- MMICRL Type Discovery Results ---
  Demonstrations: 102
  Types discovered: 2
  Type proportions: ['0.58', '0.42']
  Mutual information I(tau;z): 0.0000
  Objective value: 0.0000
  Learned thresholds per type (raw):
    Type 0: {shoulder: 0.247}
    Type 1: {shoulder: 0.228}
  WARNING: MI (0.0000) < 0.01 -- latent types are behaviorally indistinguishable on this demo set. Effective per-worker theta will fall back to config floors (no MMICRL contribution). Consider multi-muscle demos or lambda1 tuning to restore discrimination.
  Results saved to logs/hcmarl_anchor/seed_5/mmicrl/mmicrl_results.json
2026-05-06 07:53:57 | hcmarl.utils | INFO | HIGH determinism: cudnn.deterministic=True, torch.use_deterministic_algorithms(True), matmul=highest, CUBLAS_WORKSPACE_CONFIG=:4096:8 (EXP3-Part-1-equivalent reproducibility)
Using MMICRL-learned thresholds for 6 workers (2 types, rescaled into [floor,1]; floors: {'shoulder': 0.7, 'ankle': 0.8, 'knee': 0.6, 'elbow': 0.45, 'trunk': 0.65, 'grip': 0.45})
  Effective per-worker theta_max: {'worker_0': {'shoulder': 0.7}, 'worker_1': {'shoulder': 0.7}, 'worker_2': {'shoulder': 0.7}, 'worker_3': {'shoulder': 0.7}, 'worker_4': {'shoulder': 0.7}, 'worker_5': {'shoulder': 0.7}}
============================================================
HC-MARL Training: HC-MARL (MAPPO + ECBF + NSWF)
Seed: 5 | Device: cuda | Workers: 6
Total steps: 2,000,000 | Eval every: 50,000
Checkpoint dir: checkpoints/hcmarl_anchor/seed_5
============================================================
[Ep    50 | Step    24,000/2,000,000 | 315 sps] R=-7317.5 C= 808 Safe=50.00% SAI=0.406 Jain=1.000 PeakMF=0.681
[Ep   100 | Step    48,000/2,000,000 | 314 sps] R=-4962.4 C= 328 Safe=76.67% SAI=0.429 Jain=1.000 PeakMF=0.684
[Ep   150 | Step    72,000/2,000,000 | 314 sps] R=-4649.4 C= 403 Safe=56.46% SAI=0.391 Jain=1.000 PeakMF=0.691
[Ep   200 | Step    96,000/2,000,000 | 314 sps] R=-5116.8 C= 495 Safe=46.88% SAI=0.390 Jain=1.000 PeakMF=0.691
[Ep   250 | Step   120,000/2,000,000 | 314 sps] R=-3464.5 C= 267 Safe=63.33% SAI=0.369 Jain=1.000 PeakMF=0.684
[Ep   300 | Step   144,000/2,000,000 | 314 sps] R=-2204.2 C=   9 Safe=98.12% SAI=0.374 Jain=1.000 PeakMF=0.681
[Ep   350 | Step   168,000/2,000,000 | 314 sps] R=-2443.9 C=  72 Safe=87.71% SAI=0.367 Jain=1.000 PeakMF=0.684
[Ep   400 | Step   192,000/2,000,000 | 314 sps] R=-1978.3 C=   3 Safe=99.38% SAI=0.363 Jain=1.000 PeakMF=0.678
[Ep   450 | Step   216,000/2,000,000 | 314 sps] R=-1796.6 C=  17 Safe=97.08% SAI=0.346 Jain=1.000 PeakMF=0.677
[Ep   500 | Step   240,000/2,000,000 | 314 sps] R=-1658.3 C=  12 Safe=97.50% SAI=0.343 Jain=1.000 PeakMF=0.681
[Ep   550 | Step   264,000/2,000,000 | 315 sps] R=-2029.7 C= 103 Safe=83.96% SAI=0.341 Jain=1.000 PeakMF=0.683
[Ep   600 | Step   288,000/2,000,000 | 315 sps] R=-1727.6 C=  44 Safe=91.25% SAI=0.338 Jain=1.000 PeakMF=0.689
[Ep   650 | Step   312,000/2,000,000 | 315 sps] R=-1699.2 C=  32 Safe=95.00% SAI=0.343 Jain=1.000 PeakMF=0.685
[Ep   700 | Step   336,000/2,000,000 | 315 sps] R=-1569.2 C=  14 Safe=97.08% SAI=0.339 Jain=1.000 PeakMF=0.682
[Ep   750 | Step   360,000/2,000,000 | 314 sps] R=-1621.6 C=  36 Safe=93.33% SAI=0.339 Jain=1.000 PeakMF=0.685
[Ep   800 | Step   384,000/2,000,000 | 314 sps] R=-2039.6 C= 133 Safe=82.92% SAI=0.336 Jain=1.000 PeakMF=0.692
[Ep   850 | Step   408,000/2,000,000 | 314 sps] R=-1525.9 C=  18 Safe=96.88% SAI=0.338 Jain=1.000 PeakMF=0.687
[Ep   900 | Step   432,000/2,000,000 | 314 sps] R=-1636.3 C=  52 Safe=91.46% SAI=0.338 Jain=1.000 PeakMF=0.689
[Ep   950 | Step   456,000/2,000,000 | 314 sps] R=-1604.9 C=  46 Safe=92.08% SAI=0.338 Jain=1.000 PeakMF=0.690
[Ep  1000 | Step   480,000/2,000,000 | 314 sps] R=-1687.7 C=  62 Safe=89.38% SAI=0.338 Jain=1.000 PeakMF=0.694
[Ep  1050 | Step   504,000/2,000,000 | 314 sps] R=-1972.1 C= 133 Safe=81.67% SAI=0.337 Jain=1.000 PeakMF=0.695
[Ep  1100 | Step   528,000/2,000,000 | 314 sps] R=-1471.8 C=  25 Safe=95.62% SAI=0.337 Jain=1.000 PeakMF=0.693
[Ep  1150 | Step   552,000/2,000,000 | 314 sps] R=-1471.7 C=  31 Safe=94.79% SAI=0.337 Jain=1.000 PeakMF=0.695
[Ep  1200 | Step   576,000/2,000,000 | 314 sps] R=-1619.7 C=  61 Safe=90.42% SAI=0.336 Jain=1.000 PeakMF=0.696
[Ep  1250 | Step   600,000/2,000,000 | 314 sps] R=-1379.9 C=   6 Safe=99.17% SAI=0.336 Jain=1.000 PeakMF=0.694
[Ep  1300 | Step   624,000/2,000,000 | 314 sps] R=-1520.6 C=  40 Safe=92.71% SAI=0.335 Jain=1.000 PeakMF=0.695
[Ep  1350 | Step   648,000/2,000,000 | 314 sps] R=-1473.8 C=  31 Safe=94.38% SAI=0.336 Jain=1.000 PeakMF=0.695
[Ep  1400 | Step   672,000/2,000,000 | 314 sps] R=-1457.6 C=  27 Safe=95.21% SAI=0.336 Jain=1.000 PeakMF=0.694
[Ep  1450 | Step   696,000/2,000,000 | 314 sps] R=-1668.4 C=  72 Safe=89.79% SAI=0.337 Jain=1.000 PeakMF=0.694
[Ep  1500 | Step   720,000/2,000,000 | 314 sps] R=-1382.1 C=  10 Safe=98.12% SAI=0.337 Jain=1.000 PeakMF=0.691
[Ep  1550 | Step   744,000/2,000,000 | 314 sps] R=-1649.3 C=  70 Safe=89.79% SAI=0.336 Jain=1.000 PeakMF=0.695
[Ep  1600 | Step   768,000/2,000,000 | 314 sps] R=-1381.5 C=   6 Safe=98.96% SAI=0.338 Jain=1.000 PeakMF=0.693
[Ep  1650 | Step   792,000/2,000,000 | 314 sps] R=-1448.8 C=  28 Safe=96.04% SAI=0.337 Jain=1.000 PeakMF=0.695
[Ep  1700 | Step   816,000/2,000,000 | 314 sps] R=-1404.4 C=  18 Safe=96.67% SAI=0.337 Jain=1.000 PeakMF=0.696
[Ep  1750 | Step   840,000/2,000,000 | 314 sps] R=-1410.7 C=  18 Safe=97.29% SAI=0.337 Jain=1.000 PeakMF=0.695
[Ep  1800 | Step   864,000/2,000,000 | 314 sps] R=-1419.6 C=  21 Safe=96.88% SAI=0.336 Jain=1.000 PeakMF=0.694
[Ep  1850 | Step   888,000/2,000,000 | 314 sps] R=-1477.9 C=  33 Safe=94.79% SAI=0.336 Jain=1.000 PeakMF=0.697
[Ep  1900 | Step   912,000/2,000,000 | 314 sps] R=-1416.2 C=  19 Safe=97.50% SAI=0.336 Jain=1.000 PeakMF=0.694
[Ep  1950 | Step   936,000/2,000,000 | 314 sps] R=-1453.3 C=  29 Safe=96.25% SAI=0.336 Jain=1.000 PeakMF=0.694
[Ep  2000 | Step   960,000/2,000,000 | 314 sps] R=-1517.8 C=  44 Safe=93.12% SAI=0.336 Jain=1.000 PeakMF=0.696
[Ep  2050 | Step   984,000/2,000,000 | 314 sps] R=-1400.6 C=  13 Safe=97.71% SAI=0.337 Jain=1.000 PeakMF=0.695
[Ep  2100 | Step 1,008,000/2,000,000 | 314 sps] R=-1435.3 C=  23 Safe=96.46% SAI=0.337 Jain=1.000 PeakMF=0.691
[Ep  2150 | Step 1,032,000/2,000,000 | 314 sps] R=-1366.9 C=   5 Safe=98.96% SAI=0.338 Jain=1.000 PeakMF=0.694
[Ep  2200 | Step 1,056,000/2,000,000 | 314 sps] R=-1384.1 C=  13 Safe=97.71% SAI=0.337 Jain=1.000 PeakMF=0.694
[Ep  2250 | Step 1,080,000/2,000,000 | 314 sps] R=-1676.8 C=  76 Safe=89.58% SAI=0.336 Jain=1.000 PeakMF=0.693
[Ep  2300 | Step 1,104,000/2,000,000 | 314 sps] R=-1475.7 C=  31 Safe=95.21% SAI=0.336 Jain=1.000 PeakMF=0.692
[Ep  2350 | Step 1,128,000/2,000,000 | 314 sps] R=-1401.2 C=  20 Safe=96.25% SAI=0.336 Jain=1.000 PeakMF=0.697
[Ep  2400 | Step 1,152,000/2,000,000 | 314 sps] R=-1371.2 C=  10 Safe=98.12% SAI=0.337 Jain=1.000 PeakMF=0.693
[Ep  2450 | Step 1,176,000/2,000,000 | 314 sps] R=-1353.9 C=  12 Safe=98.12% SAI=0.337 Jain=1.000 PeakMF=0.695
[Ep  2500 | Step 1,200,000/2,000,000 | 314 sps] R=-1565.4 C=  58 Safe=92.29% SAI=0.337 Jain=1.000 PeakMF=0.696
[Ep  2550 | Step 1,224,000/2,000,000 | 314 sps] R=-1438.5 C=  30 Safe=95.42% SAI=0.336 Jain=1.000 PeakMF=0.697
[Ep  2600 | Step 1,248,000/2,000,000 | 314 sps] R=-1484.5 C=  39 Safe=94.79% SAI=0.337 Jain=1.000 PeakMF=0.695
[Ep  2650 | Step 1,272,000/2,000,000 | 314 sps] R=-1434.6 C=  29 Safe=94.79% SAI=0.336 Jain=1.000 PeakMF=0.693
[Ep  2700 | Step 1,296,000/2,000,000 | 314 sps] R=-1372.5 C=  18 Safe=96.25% SAI=0.336 Jain=1.000 PeakMF=0.695
[Ep  2750 | Step 1,320,000/2,000,000 | 314 sps] R=-1363.8 C=  13 Safe=97.29% SAI=0.337 Jain=1.000 PeakMF=0.695
[Ep  2800 | Step 1,344,000/2,000,000 | 314 sps] R=-1828.2 C= 113 Safe=85.62% SAI=0.335 Jain=1.000 PeakMF=0.695
[Ep  2850 | Step 1,368,000/2,000,000 | 314 sps] R=-1360.2 C=  15 Safe=97.71% SAI=0.337 Jain=1.000 PeakMF=0.696
[Ep  2900 | Step 1,392,000/2,000,000 | 314 sps] R=-1343.0 C=  13 Safe=97.50% SAI=0.336 Jain=1.000 PeakMF=0.695
[Ep  2950 | Step 1,416,000/2,000,000 | 314 sps] R=-1644.6 C=  75 Safe=89.79% SAI=0.336 Jain=1.000 PeakMF=0.695
[Ep  3000 | Step 1,440,000/2,000,000 | 314 sps] R=-1314.8 C=   4 Safe=99.17% SAI=0.337 Jain=1.000 PeakMF=0.692
[Ep  3050 | Step 1,464,000/2,000,000 | 314 sps] R=-1471.8 C=  40 Safe=93.54% SAI=0.336 Jain=1.000 PeakMF=0.694
[Ep  3100 | Step 1,488,000/2,000,000 | 314 sps] R=-1353.4 C=  14 Safe=97.08% SAI=0.337 Jain=1.000 PeakMF=0.696
[Ep  3150 | Step 1,512,000/2,000,000 | 314 sps] R=-1322.1 C=   7 Safe=98.96% SAI=0.337 Jain=1.000 PeakMF=0.692
[Ep  3200 | Step 1,536,000/2,000,000 | 314 sps] R=-1407.9 C=  28 Safe=94.79% SAI=0.336 Jain=1.000 PeakMF=0.694
[Ep  3250 | Step 1,560,000/2,000,000 | 314 sps] R=-1408.6 C=  25 Safe=95.83% SAI=0.336 Jain=1.000 PeakMF=0.696
[Ep  3300 | Step 1,584,000/2,000,000 | 314 sps] R=-1326.8 C=   6 Safe=98.96% SAI=0.337 Jain=1.000 PeakMF=0.693
[Ep  3350 | Step 1,608,000/2,000,000 | 314 sps] R=-1303.3 C=   2 Safe=99.58% SAI=0.337 Jain=1.000 PeakMF=0.693
[Ep  3400 | Step 1,632,000/2,000,000 | 314 sps] R=-1343.5 C=  10 Safe=98.54% SAI=0.337 Jain=1.000 PeakMF=0.692
[Ep  3450 | Step 1,656,000/2,000,000 | 314 sps] R=-1401.7 C=  26 Safe=95.00% SAI=0.337 Jain=1.000 PeakMF=0.697
[Ep  3500 | Step 1,680,000/2,000,000 | 314 sps] R=-1416.1 C=  26 Safe=95.83% SAI=0.337 Jain=1.000 PeakMF=0.695
[Ep  3550 | Step 1,704,000/2,000,000 | 314 sps] R=-1487.7 C=  40 Safe=95.21% SAI=0.337 Jain=1.000 PeakMF=0.694
[Ep  3600 | Step 1,728,000/2,000,000 | 314 sps] R=-1320.3 C=  10 Safe=98.54% SAI=0.336 Jain=1.000 PeakMF=0.696
[Ep  3650 | Step 1,752,000/2,000,000 | 314 sps] R=-1435.2 C=  33 Safe=94.38% SAI=0.337 Jain=1.000 PeakMF=0.692
[Ep  3700 | Step 1,776,000/2,000,000 | 314 sps] R=-1387.8 C=  22 Safe=96.04% SAI=0.337 Jain=1.000 PeakMF=0.694
[Ep  3750 | Step 1,800,000/2,000,000 | 314 sps] R=-1295.9 C=   4 Safe=99.17% SAI=0.336 Jain=1.000 PeakMF=0.694
[Ep  3800 | Step 1,824,000/2,000,000 | 314 sps] R=-1400.6 C=  24 Safe=96.25% SAI=0.337 Jain=1.000 PeakMF=0.691
[Ep  3850 | Step 1,848,000/2,000,000 | 314 sps] R=-1301.2 C=   6 Safe=98.75% SAI=0.337 Jain=1.000 PeakMF=0.695
[Ep  3900 | Step 1,872,000/2,000,000 | 314 sps] R=-1338.0 C=  12 Safe=97.71% SAI=0.337 Jain=1.000 PeakMF=0.695
[Ep  3950 | Step 1,896,000/2,000,000 | 314 sps] R=-1340.5 C=  10 Safe=98.33% SAI=0.337 Jain=1.000 PeakMF=0.695
[Ep  4000 | Step 1,920,000/2,000,000 | 314 sps] R=-1359.2 C=  16 Safe=97.50% SAI=0.337 Jain=1.000 PeakMF=0.694
[Ep  4050 | Step 1,944,000/2,000,000 | 314 sps] R=-1314.3 C=   8 Safe=98.33% SAI=0.337 Jain=1.000 PeakMF=0.694
[Ep  4100 | Step 1,968,000/2,000,000 | 314 sps] R=-1298.3 C=   4 Safe=99.17% SAI=0.337 Jain=1.000 PeakMF=0.694
[Ep  4150 | Step 1,992,000/2,000,000 | 314 sps] R=-1310.9 C=   4 Safe=99.17% SAI=0.337 Jain=1.000 PeakMF=0.694

============================================================
Training complete: 4167 episodes, 2,000,160 steps
Best reward: -1269.5
Wall time: 1.77 hours
Checkpoint: checkpoints/hcmarl_anchor/seed_5/checkpoint_final.pt
============================================================
