Using device: cuda
2026-05-06 07:53:12 | hcmarl.utils | INFO | HIGH determinism: cudnn.deterministic=True, torch.use_deterministic_algorithms(True), matmul=highest, CUBLAS_WORKSPACE_CONFIG=:4096:8 (EXP3-Part-1-equivalent reproducibility)
Path G: loading pre-computed profiles from /root/hcmarl_project/config/pathg_profiles.json
Generating demonstrations from calibrated profiles (Eq 35 controller)...
  Generated 102 demonstrations from 34 workers
  HELDOUT_NLL model selection for K:
    K=1: heldout_nll=2941153.0000
    K=2: heldout_nll=103576.7109
    K=3: heldout_nll=31234.4648
    K=4: heldout_nll=160294521274368.0000
    K=5: heldout_nll=6630.3862
  Selected K=5 (lowest heldout_nll=6630.3862)

--- MMICRL Type Discovery Results ---
  Demonstrations: 102
  Types discovered: 5
  Type proportions: ['0.32', '0.25', '0.09', '0.09', '0.25']
  Mutual information I(tau;z): 0.0000
  Objective value: 0.0000
  Learned thresholds per type (raw):
    Type 0: {shoulder: 0.184}
    Type 1: {shoulder: 0.311}
    Type 2: {shoulder: 0.161}
    Type 3: {shoulder: 0.197}
    Type 4: {shoulder: 0.255}
  WARNING: MI (0.0000) < 0.01 -- latent types are behaviorally indistinguishable on this demo set. Effective per-worker theta will fall back to config floors (no MMICRL contribution). Consider multi-muscle demos or lambda1 tuning to restore discrimination.
  Results saved to logs/hcmarl_anchor/seed_3/mmicrl/mmicrl_results.json
2026-05-06 07:53:58 | hcmarl.utils | INFO | HIGH determinism: cudnn.deterministic=True, torch.use_deterministic_algorithms(True), matmul=highest, CUBLAS_WORKSPACE_CONFIG=:4096:8 (EXP3-Part-1-equivalent reproducibility)
Using MMICRL-learned thresholds for 6 workers (5 types, rescaled into [floor,1]; floors: {'shoulder': 0.7, 'ankle': 0.8, 'knee': 0.6, 'elbow': 0.45, 'trunk': 0.65, 'grip': 0.45})
  Effective per-worker theta_max: {'worker_0': {'shoulder': 0.7}, 'worker_1': {'shoulder': 0.7}, 'worker_2': {'shoulder': 0.7}, 'worker_3': {'shoulder': 0.7}, 'worker_4': {'shoulder': 0.7}, 'worker_5': {'shoulder': 0.7}}
============================================================
HC-MARL Training: HC-MARL (MAPPO + ECBF + NSWF)
Seed: 3 | Device: cuda | Workers: 6
Total steps: 2,000,000 | Eval every: 50,000
Checkpoint dir: checkpoints/hcmarl_anchor/seed_3
============================================================
[Ep    50 | Step    24,000/2,000,000 | 313 sps] R=-5254.1 C= 417 Safe=69.79% SAI=0.410 Jain=1.000 PeakMF=0.671
[Ep   100 | Step    48,000/2,000,000 | 314 sps] R=-5810.4 C= 560 Safe=37.29% SAI=0.404 Jain=1.000 PeakMF=0.693
[Ep   150 | Step    72,000/2,000,000 | 314 sps] R=-4135.4 C= 310 Safe=54.17% SAI=0.388 Jain=1.000 PeakMF=0.688
[Ep   200 | Step    96,000/2,000,000 | 314 sps] R=-2972.5 C=  85 Safe=85.00% SAI=0.400 Jain=1.000 PeakMF=0.687
[Ep   250 | Step   120,000/2,000,000 | 314 sps] R=-4052.2 C= 380 Safe=68.12% SAI=0.365 Jain=1.000 PeakMF=0.686
[Ep   300 | Step   144,000/2,000,000 | 314 sps] R=-3225.6 C= 185 Safe=75.21% SAI=0.373 Jain=1.000 PeakMF=0.693
[Ep   350 | Step   168,000/2,000,000 | 314 sps] R=-2999.9 C= 189 Safe=75.00% SAI=0.364 Jain=1.000 PeakMF=0.684
[Ep   400 | Step   192,000/2,000,000 | 314 sps] R=-2201.4 C=  59 Safe=88.54% SAI=0.356 Jain=1.000 PeakMF=0.682
[Ep   450 | Step   216,000/2,000,000 | 314 sps] R=-1941.4 C=  27 Safe=95.21% SAI=0.351 Jain=1.000 PeakMF=0.674
[Ep   500 | Step   240,000/2,000,000 | 314 sps] R=-1763.1 C=  19 Safe=96.25% SAI=0.348 Jain=1.000 PeakMF=0.681
[Ep   550 | Step   264,000/2,000,000 | 314 sps] R=-1630.9 C=  19 Safe=96.25% SAI=0.341 Jain=1.000 PeakMF=0.686
[Ep   600 | Step   288,000/2,000,000 | 314 sps] R=-1887.8 C=  84 Safe=87.92% SAI=0.340 Jain=1.000 PeakMF=0.683
[Ep   650 | Step   312,000/2,000,000 | 314 sps] R=-1554.1 C=  14 Safe=97.29% SAI=0.338 Jain=1.000 PeakMF=0.690
[Ep   700 | Step   336,000/2,000,000 | 314 sps] R=-1614.5 C=  23 Safe=95.62% SAI=0.339 Jain=1.000 PeakMF=0.688
[Ep   750 | Step   360,000/2,000,000 | 314 sps] R=-1531.7 C=  21 Safe=95.62% SAI=0.337 Jain=1.000 PeakMF=0.688
[Ep   800 | Step   384,000/2,000,000 | 314 sps] R=-1657.7 C=  50 Safe=91.46% SAI=0.337 Jain=1.000 PeakMF=0.689
[Ep   850 | Step   408,000/2,000,000 | 314 sps] R=-1447.1 C=  12 Safe=97.71% SAI=0.336 Jain=1.000 PeakMF=0.692
[Ep   900 | Step   432,000/2,000,000 | 314 sps] R=-1460.9 C=  10 Safe=98.33% SAI=0.339 Jain=1.000 PeakMF=0.687
[Ep   950 | Step   456,000/2,000,000 | 314 sps] R=-1651.3 C=  57 Safe=90.42% SAI=0.337 Jain=1.000 PeakMF=0.689
[Ep  1000 | Step   480,000/2,000,000 | 314 sps] R=-1476.1 C=  21 Safe=96.25% SAI=0.337 Jain=1.000 PeakMF=0.692
[Ep  1050 | Step   504,000/2,000,000 | 314 sps] R=-1815.4 C=  98 Safe=85.00% SAI=0.336 Jain=1.000 PeakMF=0.694
[Ep  1100 | Step   528,000/2,000,000 | 314 sps] R=-1469.6 C=  25 Safe=95.83% SAI=0.337 Jain=1.000 PeakMF=0.695
[Ep  1150 | Step   552,000/2,000,000 | 314 sps] R=-1422.7 C=  14 Safe=97.50% SAI=0.337 Jain=1.000 PeakMF=0.690
[Ep  1200 | Step   576,000/2,000,000 | 314 sps] R=-1374.1 C=   3 Safe=99.38% SAI=0.336 Jain=1.000 PeakMF=0.695
[Ep  1250 | Step   600,000/2,000,000 | 314 sps] R=-1426.9 C=  13 Safe=97.92% SAI=0.338 Jain=1.000 PeakMF=0.693
[Ep  1300 | Step   624,000/2,000,000 | 314 sps] R=-1659.4 C=  69 Safe=90.00% SAI=0.337 Jain=1.000 PeakMF=0.695
[Ep  1350 | Step   648,000/2,000,000 | 314 sps] R=-1404.8 C=  17 Safe=96.46% SAI=0.336 Jain=1.000 PeakMF=0.696
[Ep  1400 | Step   672,000/2,000,000 | 314 sps] R=-1550.1 C=  47 Safe=93.12% SAI=0.337 Jain=1.000 PeakMF=0.694
[Ep  1450 | Step   696,000/2,000,000 | 314 sps] R=-1409.8 C=  17 Safe=96.46% SAI=0.336 Jain=1.000 PeakMF=0.695
[Ep  1500 | Step   720,000/2,000,000 | 314 sps] R=-1480.7 C=  36 Safe=94.38% SAI=0.335 Jain=1.000 PeakMF=0.696
[Ep  1550 | Step   744,000/2,000,000 | 314 sps] R=-1373.5 C=   7 Safe=98.75% SAI=0.336 Jain=1.000 PeakMF=0.696
[Ep  1600 | Step   768,000/2,000,000 | 314 sps] R=-1489.9 C=  35 Safe=94.17% SAI=0.336 Jain=1.000 PeakMF=0.695
[Ep  1650 | Step   792,000/2,000,000 | 314 sps] R=-1366.6 C=  10 Safe=98.33% SAI=0.336 Jain=1.000 PeakMF=0.694
[Ep  1700 | Step   816,000/2,000,000 | 314 sps] R=-1427.8 C=  19 Safe=96.25% SAI=0.337 Jain=1.000 PeakMF=0.697
[Ep  1750 | Step   840,000/2,000,000 | 314 sps] R=-1608.0 C=  59 Safe=92.08% SAI=0.335 Jain=1.000 PeakMF=0.694
[Ep  1800 | Step   864,000/2,000,000 | 314 sps] R=-1675.9 C=  75 Safe=88.54% SAI=0.336 Jain=1.000 PeakMF=0.695
[Ep  1850 | Step   888,000/2,000,000 | 314 sps] R=-1396.7 C=  10 Safe=97.92% SAI=0.337 Jain=1.000 PeakMF=0.694
[Ep  1900 | Step   912,000/2,000,000 | 314 sps] R=-1533.4 C=  43 Safe=93.54% SAI=0.336 Jain=1.000 PeakMF=0.693
[Ep  1950 | Step   936,000/2,000,000 | 314 sps] R=-1659.9 C=  71 Safe=88.12% SAI=0.337 Jain=1.000 PeakMF=0.697
[Ep  2000 | Step   960,000/2,000,000 | 314 sps] R=-1564.7 C=  52 Safe=93.96% SAI=0.337 Jain=1.000 PeakMF=0.696
[Ep  2050 | Step   984,000/2,000,000 | 314 sps] R=-1354.9 C=  11 Safe=97.92% SAI=0.336 Jain=1.000 PeakMF=0.694
[Ep  2100 | Step 1,008,000/2,000,000 | 314 sps] R=-1333.0 C=   7 Safe=98.54% SAI=0.336 Jain=1.000 PeakMF=0.695
[Ep  2150 | Step 1,032,000/2,000,000 | 314 sps] R=-1420.8 C=  26 Safe=95.62% SAI=0.336 Jain=1.000 PeakMF=0.697
[Ep  2200 | Step 1,056,000/2,000,000 | 314 sps] R=-1485.4 C=  40 Safe=92.92% SAI=0.336 Jain=1.000 PeakMF=0.695
[Ep  2250 | Step 1,080,000/2,000,000 | 314 sps] R=-1350.3 C=  10 Safe=98.75% SAI=0.336 Jain=1.000 PeakMF=0.695
[Ep  2300 | Step 1,104,000/2,000,000 | 314 sps] R=-1390.8 C=  21 Safe=96.04% SAI=0.336 Jain=1.000 PeakMF=0.696
[Ep  2350 | Step 1,128,000/2,000,000 | 314 sps] R=-1346.1 C=  12 Safe=97.71% SAI=0.337 Jain=1.000 PeakMF=0.695
[Ep  2400 | Step 1,152,000/2,000,000 | 314 sps] R=-1375.1 C=  17 Safe=96.67% SAI=0.336 Jain=1.000 PeakMF=0.697
[Ep  2450 | Step 1,176,000/2,000,000 | 314 sps] R=-1323.5 C=   5 Safe=98.96% SAI=0.336 Jain=1.000 PeakMF=0.696
[Ep  2500 | Step 1,200,000/2,000,000 | 314 sps] R=-1442.0 C=  34 Safe=94.17% SAI=0.336 Jain=1.000 PeakMF=0.696
[Ep  2550 | Step 1,224,000/2,000,000 | 314 sps] R=-1356.6 C=  12 Safe=97.92% SAI=0.337 Jain=1.000 PeakMF=0.695
[Ep  2600 | Step 1,248,000/2,000,000 | 314 sps] R=-1386.3 C=  24 Safe=96.04% SAI=0.337 Jain=1.000 PeakMF=0.695
[Ep  2650 | Step 1,272,000/2,000,000 | 314 sps] R=-1630.6 C=  73 Safe=88.33% SAI=0.336 Jain=1.000 PeakMF=0.697
[Ep  2700 | Step 1,296,000/2,000,000 | 314 sps] R=-1446.3 C=  33 Safe=95.00% SAI=0.337 Jain=1.000 PeakMF=0.696
[Ep  2750 | Step 1,320,000/2,000,000 | 314 sps] R=-1374.6 C=  19 Safe=97.29% SAI=0.336 Jain=1.000 PeakMF=0.694
[Ep  2800 | Step 1,344,000/2,000,000 | 314 sps] R=-1439.7 C=  33 Safe=94.17% SAI=0.336 Jain=1.000 PeakMF=0.697
[Ep  2850 | Step 1,368,000/2,000,000 | 314 sps] R=-1330.8 C=  10 Safe=98.12% SAI=0.337 Jain=1.000 PeakMF=0.696
[Ep  2900 | Step 1,392,000/2,000,000 | 314 sps] R=-1328.5 C=   7 Safe=98.75% SAI=0.336 Jain=1.000 PeakMF=0.695
[Ep  2950 | Step 1,416,000/2,000,000 | 314 sps] R=-1318.9 C=   9 Safe=98.75% SAI=0.337 Jain=1.000 PeakMF=0.694
[Ep  3000 | Step 1,440,000/2,000,000 | 314 sps] R=-1439.2 C=  34 Safe=94.58% SAI=0.336 Jain=1.000 PeakMF=0.694
[Ep  3050 | Step 1,464,000/2,000,000 | 314 sps] R=-1458.1 C=  38 Safe=93.54% SAI=0.336 Jain=1.000 PeakMF=0.695
[Ep  3100 | Step 1,488,000/2,000,000 | 314 sps] R=-1344.8 C=  12 Safe=97.92% SAI=0.336 Jain=1.000 PeakMF=0.692
[Ep  3150 | Step 1,512,000/2,000,000 | 314 sps] R=-1507.4 C=  47 Safe=93.96% SAI=0.336 Jain=1.000 PeakMF=0.694
[Ep  3200 | Step 1,536,000/2,000,000 | 314 sps] R=-1360.4 C=  18 Safe=97.29% SAI=0.337 Jain=1.000 PeakMF=0.695
[Ep  3250 | Step 1,560,000/2,000,000 | 314 sps] R=-1326.1 C=  11 Safe=98.12% SAI=0.336 Jain=1.000 PeakMF=0.694
[Ep  3300 | Step 1,584,000/2,000,000 | 314 sps] R=-1281.1 C=   1 Safe=99.79% SAI=0.336 Jain=1.000 PeakMF=0.695
[Ep  3350 | Step 1,608,000/2,000,000 | 314 sps] R=-1614.2 C=  69 Safe=89.38% SAI=0.336 Jain=1.000 PeakMF=0.696
[Ep  3400 | Step 1,632,000/2,000,000 | 314 sps] R=-1322.5 C=   5 Safe=98.96% SAI=0.337 Jain=1.000 PeakMF=0.693
[Ep  3450 | Step 1,656,000/2,000,000 | 314 sps] R=-1364.9 C=  17 Safe=97.71% SAI=0.336 Jain=1.000 PeakMF=0.694
[Ep  3500 | Step 1,680,000/2,000,000 | 314 sps] R=-1318.9 C=   7 Safe=98.54% SAI=0.337 Jain=1.000 PeakMF=0.696
[Ep  3550 | Step 1,704,000/2,000,000 | 314 sps] R=-1502.4 C=  45 Safe=92.92% SAI=0.337 Jain=1.000 PeakMF=0.691
[Ep  3600 | Step 1,728,000/2,000,000 | 314 sps] R=-1421.1 C=  29 Safe=95.21% SAI=0.337 Jain=1.000 PeakMF=0.695
[Ep  3650 | Step 1,752,000/2,000,000 | 314 sps] R=-1303.5 C=   6 Safe=98.75% SAI=0.337 Jain=1.000 PeakMF=0.695
[Ep  3700 | Step 1,776,000/2,000,000 | 314 sps] R=-1445.0 C=  35 Safe=94.38% SAI=0.336 Jain=1.000 PeakMF=0.694
[Ep  3750 | Step 1,800,000/2,000,000 | 314 sps] R=-1330.3 C=   9 Safe=98.12% SAI=0.337 Jain=1.000 PeakMF=0.694
[Ep  3800 | Step 1,824,000/2,000,000 | 314 sps] R=-1631.4 C=  75 Safe=90.42% SAI=0.336 Jain=1.000 PeakMF=0.697
[Ep  3850 | Step 1,848,000/2,000,000 | 314 sps] R=-1301.8 C=   6 Safe=98.75% SAI=0.336 Jain=1.000 PeakMF=0.696
[Ep  3900 | Step 1,872,000/2,000,000 | 314 sps] R=-1410.1 C=  29 Safe=95.42% SAI=0.336 Jain=1.000 PeakMF=0.694
[Ep  3950 | Step 1,896,000/2,000,000 | 314 sps] R=-1351.3 C=  14 Safe=97.71% SAI=0.337 Jain=1.000 PeakMF=0.695
[Ep  4000 | Step 1,920,000/2,000,000 | 314 sps] R=-1486.3 C=  44 Safe=92.08% SAI=0.336 Jain=1.000 PeakMF=0.692
[Ep  4050 | Step 1,944,000/2,000,000 | 314 sps] R=-1361.1 C=  19 Safe=96.46% SAI=0.336 Jain=1.000 PeakMF=0.694
[Ep  4100 | Step 1,968,000/2,000,000 | 314 sps] R=-1324.4 C=   9 Safe=98.33% SAI=0.337 Jain=1.000 PeakMF=0.694
[Ep  4150 | Step 1,992,000/2,000,000 | 314 sps] R=-1352.1 C=  14 Safe=97.71% SAI=0.337 Jain=1.000 PeakMF=0.693

============================================================
Training complete: 4167 episodes, 2,000,160 steps
Best reward: -1280.6
Wall time: 1.77 hours
Checkpoint: checkpoints/hcmarl_anchor/seed_3/checkpoint_final.pt
============================================================
